// Jest Snapshot v1, https://goo.gl/fbAQLP

exports[`MessageBubble render correctly 1`] = `
<div>
  <div
    className="message-bubble"
  />
  <div
    className="message-time"
  />
</div>
`;

