// Jest Snapshot v1, https://goo.gl/fbAQLP

exports[`SendMessage renders correctly 1`] = `
<div
  className="send-message"
>
  <input
    onChange={[Function]}
    onKeyPress={[Function]}
    placeholder="Write your message here"
    type="message"
    value=""
  />
</div>
`;
